NAMESPACE   NAME   AGE
bar         tt5    ---
foo         tt1    2 minutes ago
foo         tt2    30 seconds ago
foo         tt3    1 week ago
foo         tt4    ---
