apiVersion: tekton.dev/v1
kind: PipelineRun
metadata:
  creationTimestamp: null
  generateName: test-pipeline-run-
  labels:
    jemange: desfrites
  namespace: ns
spec:
  pipelineRef:
    name: test-pipeline
  taskRunTemplate:
    serviceAccountName: svc1
status: {}
